## RFC-a1b2c3d4 Test RFC

**lifecycle:** proposal
**status:**    review
**created:**   2026-01-01T00:00:00Z
**by:**        human/alice
**branch:**    feat/solver

---

Initial thread body.

**open objections:** 1
  - node-0001 Benchmarks are missing.
    resolve: git forum resolve RFC-a1b2c3d4 node-0001
    reply:   git forum claim RFC-a1b2c3d4 --reply-to node-0001 --body "..."

**latest summary:**
  Direction is sound; migration evidence needed.

conversations: 2
  node-0001 objection [open] Benchmarks are missing.
    reply: git forum claim RFC-a1b2c3d4 --reply-to node-0001 --body "..."
  node-0002 summary [open] Direction is sound; migration evidence needed.
    reply: git forum claim RFC-a1b2c3d4 --reply-to node-0002 --body "..."

tip: run `git forum show RFC-a1b2c3d4 --what-next` for action guidance
