## RFC-a1b2c3d4 Test RFC

**lifecycle:** proposal
**status:**    review
**created:**   2026-01-01T00:00:00Z
**by:**        human/alice
**branch:**    feat/solver

---

Initial thread body.

## Open objections (1)

  node-0001  ai/reviewer  Benchmarks are missing.
    resolve: git forum resolve RFC-a1b2c3d4 node-0001
    reply:   git forum comment RFC-a1b2c3d4 --reply-to node-0001 --body "..."

**latest summary:**
  Direction is sound; migration evidence needed.

## Conversations (2)

  node-0001 objection [open] ai/reviewer — Benchmarks are missing.
  node-0002 summary [open] human/alice — Direction is sound; migration evidence needed.

---

**timeline:** 0 commits (use 'log RFC-a1b2c3d4' for full view)
